Resolving dependencies...
Downloading packages...
  _fe_analyzer_shared 93.0.0 (98.0.0 available)
  analyzer 10.0.1 (12.0.0 available)
  meta 1.17.0 (1.18.2 available)
  test 1.30.0 (1.31.0 available)
  test_api 0.7.10 (0.7.11 available)
  test_core 0.6.16 (0.6.17 available)
  vector_math 2.2.0 (2.3.0 available)
  win32 5.15.0 (6.0.0 available)
Got dependencies!
8 packages have newer versions incompatible with dependency constraints.
Try `flutter pub outdated` for more information.
Analyzing gdlauncherflutterized...                              

warning - Unused import: 'package:flutter/foundation.dart' - lib\providers\installation_provider.dart:1:8 - unused_import
   info - 'scaled' is deprecated and shouldn't be used. Use scaledByVector3, scaledByVector4, or scaledByDouble instead - lib\views\dashboard_view.dart:186:12 - deprecated_member_use
   info - 'scaled' is deprecated and shouldn't be used. Use scaledByVector3, scaledByVector4, or scaledByDouble instead - lib\views\widgets\add_instance_card.dart:29:14 - deprecated_member_use
   info - 'value' is deprecated and shouldn't be used. Use initialValue instead. This will set the initial value for the form field. This feature was deprecated after v3.33.0-1.0.pre - lib\views\widgets\add_instance_dialog.dart:125:15 - deprecated_member_use
   info - 'scaled' is deprecated and shouldn't be used. Use scaledByVector3, scaledByVector4, or scaledByDouble instead - lib\views\widgets\browse_pack_card.dart:28:12 - deprecated_member_use
warning - Unused import: 'dart:io' - lib\views\widgets\import_dialog.dart:1:8 - unused_import
warning - Unused import: 'package:path_provider/path_provider.dart' - lib\views\widgets\import_dialog.dart:6:8 - unused_import
warning - Unused import: '../../src/rust/api/downloader.dart' - lib\views\widgets\import_dialog.dart:10:8 - unused_import
warning - Duplicate import - lib\views\widgets\import_dialog.dart:11:8 - duplicate_import
warning - Unused import: '../../src/rust/api/downloader.dart' - lib\views\widgets\import_dialog.dart:11:8 - unused_import
   info - 'scaled' is deprecated and shouldn't be used. Use scaledByVector3, scaledByVector4, or scaledByDouble instead - lib\views\widgets\instance_card.dart:34:12 - deprecated_member_use
  error - The element type 'ExpandingFilterButton' can't be assigned to the list type 'Widget' - lib\views\widgets\library_header.dart:64:11 - list_element_type_not_assignable
  error - Classes can only extend other classes - lib\views\widgets\library_header.dart:142:37 - extends_non_class
  error - No associated named super constructor parameter - lib\views\widgets\library_header.dart:144:38 - super_formal_parameter_without_associated_named
warning - The method doesn't override an inherited method - lib\views\widgets\library_header.dart:147:10 - override_on_non_overriding_member
  error - The method 'useState' isn't defined for the type 'ExpandingFilterButton' - lib\views\widgets\library_header.dart:148:24 - undefined_method
   info - 'scaled' is deprecated and shouldn't be used. Use scaledByVector3, scaledByVector4, or scaledByDouble instead - lib\views\widgets\library_instance_card.dart:43:12 - deprecated_member_use
warning - The declaration '_buildPlaceholder' isn't referenced - lib\views\widgets\library_instance_card.dart:384:10 - unused_element
   info - Dangling library doc comment - rust_builder\cargokit\build_tool\bin\build_tool.dart:1:1 - dangling_library_doc_comments
  error - Target of URI doesn't exist: 'package:build_tool/build_tool.dart' - rust_builder\cargokit\build_tool\bin\build_tool.dart:4:8 - uri_does_not_exist
   info - Dangling library doc comment - rust_builder\cargokit\build_tool\lib\build_tool.dart:1:1 - dangling_library_doc_comments
   info - Dangling library doc comment - rust_builder\cargokit\build_tool\lib\src\android_environment.dart:1:1 - dangling_library_doc_comments
  error - Target of URI doesn't exist: 'package:version/version.dart' - rust_builder\cargokit\build_tool\lib\src\android_environment.dart:10:8 - uri_does_not_exist
  error - Undefined name 'Version' - rust_builder\cargokit\build_tool\lib\src\android_environment.dart:130:30 - undefined_identifier
  error - Undefined class 'Version' - rust_builder\cargokit\build_tool\lib\src\android_environment.dart:170:45 - undefined_class
   info - Dangling library doc comment - rust_builder\cargokit\build_tool\lib\src\artifacts_provider.dart:1:1 - dangling_library_doc_comments
  error - Target of URI doesn't exist: 'package:ed25519_edwards/ed25519_edwards.dart' - rust_builder\cargokit\build_tool\lib\src\artifacts_provider.dart:6:8 - uri_does_not_exist
  error - Target of URI doesn't exist: 'package:http/http.dart' - rust_builder\cargokit\build_tool\lib\src\artifacts_provider.dart:7:8 - uri_does_not_exist
  error - The name 'Response' isn't a type, so it can't be used as a type argument - rust_builder\cargokit\build_tool\lib\src\artifacts_provider.dart:163:17 - non_type_as_type_argument
  error - The method 'get' isn't defined for the type 'ArtifactProvider' - rust_builder\cargokit\build_tool\lib\src\artifacts_provider.dart:168:22 - undefined_method
  error - The method 'verify' isn't defined for the type 'ArtifactProvider' - rust_builder\cargokit\build_tool\lib\src\artifacts_provider.dart:212:9 - undefined_method
   info - Dangling library doc comment - rust_builder\cargokit\build_tool\lib\src\build_cmake.dart:1:1 - dangling_library_doc_comments
   info - Dangling library doc comment - rust_builder\cargokit\build_tool\lib\src\build_gradle.dart:1:1 - dangling_library_doc_comments
   info - Dangling library doc comment - rust_builder\cargokit\build_tool\lib\src\build_pod.dart:1:1 - dangling_library_doc_comments
   info - Dangling library doc comment - rust_builder\cargokit\build_tool\lib\src\build_tool.dart:1:1 - dangling_library_doc_comments
  error - Target of URI doesn't exist: 'package:ed25519_edwards/ed25519_edwards.dart' - rust_builder\cargokit\build_tool\lib\src\build_tool.dart:7:8 - uri_does_not_exist
  error - Target of URI doesn't exist: 'package:github/github.dart' - rust_builder\cargokit\build_tool\lib\src\build_tool.dart:8:8 - uri_does_not_exist
  error - Target of URI doesn't exist: 'package:hex/hex.dart' - rust_builder\cargokit\build_tool\lib\src\build_tool.dart:9:8 - uri_does_not_exist
  error - The method 'generateKey' isn't defined for the type 'GenKeyCommand' - rust_builder\cargokit\build_tool\lib\src\build_tool.dart:92:16 - undefined_method
  error - Undefined name 'HEX' - rust_builder\cargokit\build_tool\lib\src\build_tool.dart:93:21 - undefined_identifier
  error - Undefined name 'HEX' - rust_builder\cargokit\build_tool\lib\src\build_tool.dart:94:20 - undefined_identifier
  error - Undefined name 'HEX' - rust_builder\cargokit\build_tool\lib\src\build_tool.dart:169:24 - undefined_identifier
  error - The method 'PrivateKey' isn't defined for the type 'PrecompileBinariesCommand' - rust_builder\cargokit\build_tool\lib\src\build_tool.dart:196:19 - undefined_method
  error - Undefined name 'RepositorySlug' - rust_builder\cargokit\build_tool\lib\src\build_tool.dart:199:23 - undefined_identifier
   info - Dangling library doc comment - rust_builder\cargokit\build_tool\lib\src\builder.dart:1:1 - dangling_library_doc_comments
   info - Dangling library doc comment - rust_builder\cargokit\build_tool\lib\src\cargo.dart:1:1 - dangling_library_doc_comments
  error - Target of URI doesn't exist: 'package:toml/toml.dart' - rust_builder\cargokit\build_tool\lib\src\cargo.dart:7:8 - uri_does_not_exist
  error - Undefined name 'TomlDocument' - rust_builder\cargokit\build_tool\lib\src\cargo.dart:31:18 - undefined_identifier
   info - Dangling library doc comment - rust_builder\cargokit\build_tool\lib\src\crate_hash.dart:1:1 - dangling_library_doc_comments
   info - Dangling library doc comment - rust_builder\cargokit\build_tool\lib\src\environment.dart:1:1 - dangling_library_doc_comments
   info - Dangling library doc comment - rust_builder\cargokit\build_tool\lib\src\logging.dart:1:1 - dangling_library_doc_comments
   info - Dangling library doc comment - rust_builder\cargokit\build_tool\lib\src\options.dart:1:1 - dangling_library_doc_comments
  error - Target of URI doesn't exist: 'package:ed25519_edwards/ed25519_edwards.dart' - rust_builder\cargokit\build_tool\lib\src\options.dart:7:8 - uri_does_not_exist
  error - Target of URI doesn't exist: 'package:hex/hex.dart' - rust_builder\cargokit\build_tool\lib\src\options.dart:8:8 - uri_does_not_exist
  error - Undefined class 'PublicKey' - rust_builder\cargokit\build_tool\lib\src\options.dart:119:9 - undefined_class
  error - Undefined class 'PublicKey' - rust_builder\cargokit\build_tool\lib\src\options.dart:126:10 - undefined_class
  error - Undefined name 'HEX' - rust_builder\cargokit\build_tool\lib\src\options.dart:127:19 - undefined_identifier
  error - The method 'PublicKey' isn't defined for the type 'PrecompiledBinaries' - rust_builder\cargokit\build_tool\lib\src\options.dart:132:12 - undefined_method
   info - Dangling library doc comment - rust_builder\cargokit\build_tool\lib\src\precompile_binaries.dart:1:1 - dangling_library_doc_comments
  error - Target of URI doesn't exist: 'package:ed25519_edwards/ed25519_edwards.dart' - rust_builder\cargokit\build_tool\lib\src\precompile_binaries.dart:6:8 - uri_does_not_exist
  error - Target of URI doesn't exist: 'package:github/github.dart' - rust_builder\cargokit\build_tool\lib\src\precompile_binaries.dart:7:8 - uri_does_not_exist
  error - Undefined class 'PrivateKey' - rust_builder\cargokit\build_tool\lib\src\precompile_binaries.dart:35:9 - undefined_class
  error - Undefined class 'RepositorySlug' - rust_builder\cargokit\build_tool\lib\src\precompile_binaries.dart:37:9 - undefined_class
  error - The method 'GitHub' isn't defined for the type 'PrecompileBinaries' - rust_builder\cargokit\build_tool\lib\src\precompile_binaries.dart:72:20 - undefined_method
  error - Undefined name 'Authentication' - rust_builder\cargokit\build_tool\lib\src\precompile_binaries.dart:72:33 - undefined_identifier
  error - The name 'CreateReleaseAsset' isn't a type, so it can't be used as a type argument - rust_builder\cargokit\build_tool\lib\src\precompile_binaries.dart:128:23 - non_type_as_type_argument
  error - The method 'CreateReleaseAsset' isn't defined for the type 'PrecompileBinaries' - rust_builder\cargokit\build_tool\lib\src\precompile_binaries.dart:136:24 - undefined_method
  error - The method 'sign' isn't defined for the type 'PrecompileBinaries' - rust_builder\cargokit\build_tool\lib\src\precompile_binaries.dart:141:27 - undefined_method
  error - The method 'CreateReleaseAsset' isn't defined for the type 'PrecompileBinaries' - rust_builder\cargokit\build_tool\lib\src\precompile_binaries.dart:142:33 - undefined_method
  error - The method 'verify' isn't defined for the type 'PrecompileBinaries' - rust_builder\cargokit\build_tool\lib\src\precompile_binaries.dart:147:25 - undefined_method
  error - The method 'public' isn't defined for the type 'PrecompileBinaries' - rust_builder\cargokit\build_tool\lib\src\precompile_binaries.dart:147:32 - undefined_method
  error - The property 'name' can't be unconditionally accessed because the receiver can be 'null' - rust_builder\cargokit\build_tool\lib\src\precompile_binaries.dart:154:58 - unchecked_use_of_nullable_value
  error - The name 'Release' isn't a type, so it can't be used as a type argument - rust_builder\cargokit\build_tool\lib\src\precompile_binaries.dart:179:10 - non_type_as_type_argument
  error - Undefined class 'RepositoriesService' - rust_builder\cargokit\build_tool\lib\src\precompile_binaries.dart:180:14 - undefined_class
  error - Undefined class 'Release' - rust_builder\cargokit\build_tool\lib\src\precompile_binaries.dart:185:5 - undefined_class
  error - The name 'ReleaseNotFound' isn't a type and can't be used in an on-catch clause - rust_builder\cargokit\build_tool\lib\src\precompile_binaries.dart:189:10 - non_type_in_catch_clause
  error - Undefined name 'CreateRelease' - rust_builder\cargokit\build_tool\lib\src\precompile_binaries.dart:193:11 - undefined_identifier
   info - Dangling library doc comment - rust_builder\cargokit\build_tool\lib\src\rustup.dart:1:1 - dangling_library_doc_comments
   info - Dangling library doc comment - rust_builder\cargokit\build_tool\lib\src\target.dart:1:1 - dangling_library_doc_comments
   info - Dangling library doc comment - rust_builder\cargokit\build_tool\lib\src\util.dart:1:1 - dangling_library_doc_comments
   info - Dangling library doc comment - rust_builder\cargokit\build_tool\lib\src\verify_binaries.dart:1:1 - dangling_library_doc_comments
  error - Target of URI doesn't exist: 'package:ed25519_edwards/ed25519_edwards.dart' - rust_builder\cargokit\build_tool\lib\src\verify_binaries.dart:6:8 - uri_does_not_exist
  error - Target of URI doesn't exist: 'package:http/http.dart' - rust_builder\cargokit\build_tool\lib\src\verify_binaries.dart:7:8 - uri_does_not_exist
  error - The method 'get' isn't defined for the type 'VerifyBinaries' - rust_builder\cargokit\build_tool\lib\src\verify_binaries.dart:58:35 - undefined_method
  error - The method 'get' isn't defined for the type 'VerifyBinaries' - rust_builder\cargokit\build_tool\lib\src\verify_binaries.dart:64:31 - undefined_method
  error - The method 'verify' isn't defined for the type 'VerifyBinaries' - rust_builder\cargokit\build_tool\lib\src\verify_binaries.dart:71:16 - undefined_method

